// Jest Snapshot v1, https://goo.gl/fbAQLP

exports[`Basic should render a <TaskEdit /> component as expected 1`] = `ReactWrapper {}`;
