// Jest Snapshot v1, https://goo.gl/fbAQLP

exports[`Basic should render a <TitleBar> component as expected 1`] = `ReactWrapper {}`;
