// Jest Snapshot v1, https://goo.gl/fbAQLP

exports[`Basic should render a <Menu> component as expected 1`] = `ShallowWrapper {}`;
